// Jest Snapshot v1, https://goo.gl/fbAQLP

exports[`Calculator snapshot matches the snapshot 1`] = `
<div
  className="content-container"
>
  <div
    className="separation"
  >
    <h1
      className="title"
    >
      Let's do some math!
    </h1>
  </div>
  <input
    className="show result"
    readOnly={true}
    type="text"
    value="0"
  />
  <div
    className="btn-container"
  >
    <button
      className="btn button grey-button"
      onClick={[Function]}
      type="button"
    >
      AC
    </button>
    <button
      className="btn button grey-button"
      onClick={[Function]}
      type="button"
    >
      +/-
    </button>
    <button
      className="btn button grey-button"
      onClick={[Function]}
      type="button"
    >
      %
    </button>
    <button
      className="btn button operators-buttons"
      onClick={[Function]}
      type="button"
    >
      รท
    </button>
  </div>
  <div
    className="btn-container"
  >
    <button
      className="btn button grey-button"
      onClick={[Function]}
      type="button"
    >
      7
    </button>
    <button
      className="btn button grey-button"
      onClick={[Function]}
      type="button"
    >
      8
    </button>
    <button
      className="btn button grey-button"
      onClick={[Function]}
      type="button"
    >
      9
    </button>
    <button
      className="btn button operators-buttons"
      onClick={[Function]}
      type="button"
    >
      x
    </button>
  </div>
  <div
    className="btn-container"
  >
    <button
      className="btn button grey-button"
      onClick={[Function]}
      type="button"
    >
      4
    </button>
    <button
      className="btn button grey-button"
      onClick={[Function]}
      type="button"
    >
      5
    </button>
    <button
      className="btn button grey-button"
      onClick={[Function]}
      type="button"
    >
      6
    </button>
    <button
      className="btn button operators-buttons"
      onClick={[Function]}
      type="button"
    >
      -
    </button>
  </div>
  <div
    className="btn-container"
  >
    <button
      className="btn button grey-button"
      onClick={[Function]}
      type="button"
    >
      1
    </button>
    <button
      className="btn button grey-button"
      onClick={[Function]}
      type="button"
    >
      2
    </button>
    <button
      className="btn button grey-button"
      onClick={[Function]}
      type="button"
    >
      3
    </button>
    <button
      className="btn button operators-buttons"
      onClick={[Function]}
      type="button"
    >
      +
    </button>
  </div>
  <div
    className="btn-container"
  >
    <button
      className="btn button zero grey-button"
      onClick={[Function]}
      type="button"
    >
      0
    </button>
    <button
      className="btn button grey-button"
      onClick={[Function]}
      type="button"
    >
      .
    </button>
    <button
      className="btn button operators-buttons"
      onClick={[Function]}
      type="button"
    >
      =
    </button>
  </div>
</div>
`;
