// Jest Snapshot v1, https://goo.gl/fbAQLP

exports[`Buttons snapshot matches the snapshot 1`] = `
<button
  className="btn custom-button"
  onClick={[Function]}
  type="button"
>
  Click Me
</button>
`;
